// Jest Snapshot v1, https://goo.gl/fbAQLP

exports[`components ThemedContainer should render ThemedContainer component 1`] = `"Test"`;
