// Jest Snapshot v1, https://goo.gl/fbAQLP

exports[`pages protected HomePage should render HomePage component 1`] = `
<h1>
  Home page
</h1>
`;
