// Jest Snapshot v1, https://goo.gl/fbAQLP

exports[`pages public LoginPage should render LoginPage component 1`] = `
<div>
  Login form is coming
</div>
`;

exports[`pages public LoginPage should render Redirect component 1`] = `
<div>
  Login form is coming
</div>
`;
