// Jest Snapshot v1, https://goo.gl/fbAQLP

exports[`pages protected EmptyPage should render EmptyPage component 1`] = `
<h1>
  Empty Page
</h1>
`;
