// Jest Snapshot v1, https://goo.gl/fbAQLP

exports[`components/fallbacks LoadingScreen should render LoadingScreen component 1`] = `
.c0 {
  -webkit-align-items: center;
  -webkit-box-align: center;
  -ms-flex-align: center;
  align-items: center;
  display: -webkit-box;
  display: -webkit-flex;
  display: -ms-flexbox;
  display: flex;
  -webkit-flex-direction: column;
  -ms-flex-direction: column;
  flex-direction: column;
  height: 100%;
  -webkit-box-pack: center;
  -webkit-justify-content: center;
  -ms-flex-pack: center;
  justify-content: center;
  min-height: 100%;
  padding: 10px;
}

<div
  className="c0"
>
  Loading...
</div>
`;
